<amp-iframe sandbox="allow-scripts allow-same-origin" layout="responsive" height="450" width="600" src="https://www.kickstarter.com/projects/1081571316/rhino-shield-the-impact-resistant-screen-protector/widget/video.html"></amp-iframe>

ORIGINAL HTML
---------------
Line 1: <iframe frameborder="0"
Line 2:         height="450"
Line 3:         src="http://www.kickstarter.com/projects/1081571316/rhino-shield-the-impact-resistant-screen-protector/widget/video.html"
Line 4:         width="600">
Line 5: </iframe>


Transformations made from HTML tags to AMP custom tags
-------------------------------------------------------

<iframe frameborder height="450" src="http://www.kickstarter.com/projects/1081571316/rhino-shield-the-impact-resistant-screen-protector/widget/video.html" width="600"> at line 4
 ACTION TAKEN: iframe tag was converted to the amp-iframe tag. The url protocol was changed from http to https. amp-iframe does not support http


AMP-HTML Validation Issues and Fixes
-------------------------------------
PASS

COMPONENT NAMES WITH JS PATH
------------------------------
'amp-iframe', include path 'https://cdn.ampproject.org/v0/amp-iframe-0.1.js'

